// Jest Snapshot v1, https://goo.gl/fbAQLP

exports[`creates a CHANGE_PRIMARY_COLOR action 1`] = `
Object {
  "color": "red",
  "type": "CHANGE_PRIMARY_COLOR",
}
`;
